// Jest Snapshot v1, https://goo.gl/fbAQLP

exports[`Home page matches snapshot 1`] = `
<DocumentFragment>
  <div
    class="css-k3wmp9"
  >
    <div
      class="css-h74a88"
    >
      <h2
        class="chakra-heading css-66ymwu"
      >
        with-chakra-ui-typescript
      </h2>
    </div>
    <div
      class="chakra-stack css-1kvjhua"
    >
      <p
        class="chakra-text css-0"
      >
        Example repository of 
        <code
          class="chakra-code css-1baulvz"
        >
          Next.js
        </code>
         + 
        <code
          class="chakra-code css-1baulvz"
        >
          chakra-ui
        </code>
         + 
        <code
          class="chakra-code css-1baulvz"
        >
          typescript
        </code>
        .
      </p>
      <ul
        class="css-a5q77n"
        role="list"
      >
        <li
          class="css-h82jag"
        >
          <svg
            class="chakra-icon chakra-icon css-16xsupy"
            focusable="false"
            role="presentation"
            viewBox="0 0 24 24"
          >
            <path
              d="M12,0A12,12,0,1,0,24,12,12.014,12.014,0,0,0,12,0Zm6.927,8.2-6.845,9.289a1.011,1.011,0,0,1-1.43.188L5.764,13.769a1,1,0,1,1,1.25-1.562l4.076,3.261,6.227-8.451A1,1,0,1,1,18.927,8.2Z"
              fill="currentColor"
            />
          </svg>
          <a
            class="chakra-link css-pxaocv"
            href="https://chakra-ui.com"
            rel="noopener noreferrer"
            target="_blank"
          >
            Chakra UI 
            <svg
              class="chakra-icon css-onkibi"
              focusable="false"
              viewBox="0 0 24 24"
            >
              <g
                fill="currentColor"
              >
                <path
                  d="M10.458,18.374,7.721,21.11a2.853,2.853,0,0,1-3.942,0l-.892-.891a2.787,2.787,0,0,1,0-3.941l5.8-5.8a2.789,2.789,0,0,1,3.942,0l.893.892A1,1,0,0,0,14.94,9.952l-.893-.892a4.791,4.791,0,0,0-6.771,0l-5.8,5.8a4.787,4.787,0,0,0,0,6.77l.892.891a4.785,4.785,0,0,0,6.771,0l2.736-2.735a1,1,0,1,0-1.414-1.415Z"
                />
                <path
                  d="M22.526,2.363l-.892-.892a4.8,4.8,0,0,0-6.77,0l-2.905,2.9a1,1,0,0,0,1.414,1.414l2.9-2.9a2.79,2.79,0,0,1,3.941,0l.893.893a2.786,2.786,0,0,1,0,3.942l-5.8,5.8a2.769,2.769,0,0,1-1.971.817h0a2.766,2.766,0,0,1-1.969-.816,1,1,0,1,0-1.415,1.412,4.751,4.751,0,0,0,3.384,1.4h0a4.752,4.752,0,0,0,3.385-1.4l5.8-5.8a4.786,4.786,0,0,0,0-6.771Z"
                />
              </g>
            </svg>
          </a>
        </li>
        <li
          class="css-0"
        >
          <svg
            class="chakra-icon chakra-icon css-16xsupy"
            focusable="false"
            role="presentation"
            viewBox="0 0 24 24"
          >
            <path
              d="M12,0A12,12,0,1,0,24,12,12.014,12.014,0,0,0,12,0Zm6.927,8.2-6.845,9.289a1.011,1.011,0,0,1-1.43.188L5.764,13.769a1,1,0,1,1,1.25-1.562l4.076,3.261,6.227-8.451A1,1,0,1,1,18.927,8.2Z"
              fill="currentColor"
            />
          </svg>
          <a
            class="chakra-link css-pxaocv"
            href="https://nextjs.org"
            rel="noopener noreferrer"
            target="_blank"
          >
            Next.js 
            <svg
              class="chakra-icon css-onkibi"
              focusable="false"
              viewBox="0 0 24 24"
            >
              <g
                fill="currentColor"
              >
                <path
                  d="M10.458,18.374,7.721,21.11a2.853,2.853,0,0,1-3.942,0l-.892-.891a2.787,2.787,0,0,1,0-3.941l5.8-5.8a2.789,2.789,0,0,1,3.942,0l.893.892A1,1,0,0,0,14.94,9.952l-.893-.892a4.791,4.791,0,0,0-6.771,0l-5.8,5.8a4.787,4.787,0,0,0,0,6.77l.892.891a4.785,4.785,0,0,0,6.771,0l2.736-2.735a1,1,0,1,0-1.414-1.415Z"
                />
                <path
                  d="M22.526,2.363l-.892-.892a4.8,4.8,0,0,0-6.77,0l-2.905,2.9a1,1,0,0,0,1.414,1.414l2.9-2.9a2.79,2.79,0,0,1,3.941,0l.893.893a2.786,2.786,0,0,1,0,3.942l-5.8,5.8a2.769,2.769,0,0,1-1.971.817h0a2.766,2.766,0,0,1-1.969-.816,1,1,0,1,0-1.415,1.412,4.751,4.751,0,0,0,3.384,1.4h0a4.752,4.752,0,0,0,3.385-1.4l5.8-5.8a4.786,4.786,0,0,0,0-6.771Z"
                />
              </g>
            </svg>
          </a>
        </li>
      </ul>
    </div>
    <label
      class="chakra-switch css-xsxgo8"
    >
      <input
        class="chakra-switch__input"
        style="border: 0px; clip: rect(0px, 0px, 0px, 0px); height: 1px; width: 1px; margin: -1px; padding: 0px; overflow: hidden; white-space: nowrap; position: absolute;"
        type="checkbox"
        value=""
      />
      <span
        aria-hidden="true"
        class="chakra-switch__track css-14qxnv8"
      >
        <span
          class="chakra-switch__thumb css-0"
        />
      </span>
    </label>
    <footer
      class="css-1al6mwe"
    >
      <p
        class="chakra-text css-0"
      >
        Next ❤️ Chakra
      </p>
    </footer>
    <div
      class="css-100elwr"
    >
      <a
        class="chakra-link css-mb2bzf"
        href="https://chakra-ui.com"
        rel="noopener noreferrer"
        target="_blank"
      >
        <button
          class="chakra-button css-bsfr8y"
          type="button"
        >
          chakra-ui
        </button>
      </a>
      <a
        class="chakra-link css-pp5d8n"
        href="https://github.com/vercel/next.js/blob/canary/examples/with-chakra-ui-typescript"
        rel="noopener noreferrer"
        target="_blank"
      >
        <button
          class="chakra-button css-bsfr8y"
          type="button"
        >
          View Repo
        </button>
      </a>
    </div>
  </div>
</DocumentFragment>
`;
